[debug] [2026-09-11T13:26:35.422Z] ----------------------------------------------------------------------
[debug] [2026-09-11T13:26:35.425Z] Command:       C:\Program Files\nodejs\node.exe C:\Users\ggb05\AppData\Roaming\npm\node_modules\firebase-tools\lib\bin\firebase.js projects:list
[debug] [2026-09-11T13:26:35.425Z] CLI Version:   15.24.0
[debug] [2026-09-11T13:26:35.426Z] Platform:      win32
[debug] [2026-09-11T13:26:35.426Z] Node Version:  v24.17.0
[debug] [2026-09-11T13:26:35.426Z] Detected Agent: antigravity
[debug] [2026-09-11T13:26:35.426Z] Time:          Fri Sep 11 2026 10:26:35 GMT-0300 (Horário Padrão de Brasília)
[debug] [2026-09-11T13:26:35.426Z] ----------------------------------------------------------------------
[debug] 
[debug] [2026-09-11T13:26:35.441Z] >>> [apiv2][query] GET https://firebase-public.firebaseio.com/cli.json [none]
[debug] [2026-09-11T13:26:35.463Z] > command requires scopes: ["email","openid","https://www.googleapis.com/auth/cloudplatformprojects.readonly","https://www.googleapis.com/auth/firebase","https://www.googleapis.com/auth/cloud-platform"]
[debug] [2026-09-11T13:26:35.464Z] > authorizing via signed-in user (ggb0582@gmail.com)
[debug] [2026-09-11T13:26:35.467Z] Checked if tokens are valid: false, expires at: 1785344342409
[debug] [2026-09-11T13:26:35.467Z] Checked if tokens are valid: false, expires at: 1785344342409
[debug] [2026-09-11T13:26:35.467Z] > refreshing access token with scopes: []
[debug] [2026-09-11T13:26:35.469Z] >>> [apiv2][query] POST https://www.googleapis.com/oauth2/v3/token [none]
[debug] [2026-09-11T13:26:35.470Z] >>> [apiv2][body] POST https://www.googleapis.com/oauth2/v3/token [omitted]
[debug] [2026-09-11T13:26:37.216Z] <<< [apiv2][status] GET https://firebase-public.firebaseio.com/cli.json 200
[debug] [2026-09-11T13:26:37.216Z] <<< [apiv2][body] GET https://firebase-public.firebaseio.com/cli.json {"cloudBuildErrorAfter":1594252800000,"cloudBuildWarnAfter":1590019200000,"defaultNode10After":1594252800000,"minVersion":"3.0.5","node8DeploysDisabledAfter":1613390400000,"node8RuntimeDisabledAfter":1615809600000,"node8WarnAfter":1600128000000}
[debug] [2026-09-11T13:26:46.135Z] *** [apiv2] error from fetch(https://www.googleapis.com/oauth2/v3/token, {"headers":{},"method":"POST","body":{"type":"Buffer","data":[45,45,45,45,45,45,45,45,45,45,45,45,45,45,45,45,45,45,45,45,45,45,45,45,45,45,45,45,100,102,100,53,100,50,55,100,100,99,48,52,54,50,49,56,52,55,98,56,49,51,52,97,13,10,67,111,110,116,101,110,116,45,68,105,115,112,111,115,105,116,105,111,110,58,32,102,111,114,109,45,100,97,116,97,59,32,110,97,109,101,61,34,114,101,102,114,101,115,104,95,116,111,107,101,110,34,13,10,13,10,49,47,47,48,104,106,97,80,49,52,86,50,105,118,48,57,67,103,89,73,65,82,65,65,71,66,69,83,78,119,70,45,76,57,73,114,119,78,111,115,120,98,111,111,107,121,53,48,89,99,83,102,55,104,87,52,78,78,65,95,50,118,90,101,119,66,115,121,122,82,73,90,119,104,98,118,76,111,115,107,106,85,83,57,82,109,118,112,73,106,99,66,77,50,51,80,107,105,69,48,113,101,56,13,10,45,45,45,45,45,45,45,45,45,45,45,45,45,45,45,45,45,45,45,45,45,45,45,45,45,45,45,45,100,102,100,53,100,50,55,100,100,99,48,52,54,50,49,56,52,55,98,56,49,51,52,97,13,10,67,111,110,116,101,110,116,45,68,105,115,112,111,115,105,116,105,111,110,58,32,102,111,114,109,45,100,97,116,97,59,32,110,97,109,101,61,34,99,108,105,101,110,116,95,105,100,34,13,10,13,10,53,54,51,53,56,52,51,51,53,56,54,57,45,102,103,114,104,103,109,100,52,55,98,113,110,101,107,105,106,53,105,56,98,53,112,114,48,51,104,111,56,52,57,101,54,46,97,112,112,115,46,103,111,111,103,108,101,117,115,101,114,99,111,110,116,101,110,116,46,99,111,109,13,10,45,45,45,45,45,45,45,45,45,45,45,45,45,45,45,45,45,45,45,45,45,45,45,45,45,45,45,45,100,102,100,53,100,50,55,100,100,99,48,52,54,50,49,56,52,55,98,56,49,51,52,97,13,10,67,111,110,116,101,110,116,45,68,105,115,112,111,115,105,116,105,111,110,58,32,102,111,114,109,45,100,97,116,97,59,32,110,97,109,101,61,34,99,108,105,101,110,116,95,115,101,99,114,101,116,34,13,10,13,10,106,57,105,86,90,102,83,56,107,107,67,69,70,85,80,97,65,101,74,86,48,115,65,105,13,10,45,45,45,45,45,45,45,45,45,45,45,45,45,45,45,45,45,45,45,45,45,45,45,45,45,45,45,45,100,102,100,53,100,50,55,100,100,99,48,52,54,50,49,56,52,55,98,56,49,51,52,97,13,10,67,111,110,116,101,110,116,45,68,105,115,112,111,115,105,116,105,111,110,58,32,102,111,114,109,45,100,97,116,97,59,32,110,97,109,101,61,34,103,114,97,110,116,95,116,121,112,101,34,13,10,13,10,114,101,102,114,101,115,104,95,116,111,107,101,110,13,10,45,45,45,45,45,45,45,45,45,45,45,45,45,45,45,45,45,45,45,45,45,45,45,45,45,45,45,45,100,102,100,53,100,50,55,100,100,99,48,52,54,50,49,56,52,55,98,56,49,51,52,97,13,10,67,111,110,116,101,110,116,45,68,105,115,112,111,115,105,116,105,111,110,58,32,102,111,114,109,45,100,97,116,97,59,32,110,97,109,101,61,34,115,99,111,112,101,34,13,10,13,10,13,10,45,45,45,45,45,45,45,45,45,45,45,45,45,45,45,45,45,45,45,45,45,45,45,45,45,45,45,45,100,102,100,53,100,50,55,100,100,99,48,52,54,50,49,56,52,55,98,56,49,51,52,97,45,45,13,10]}}): ConnectTimeoutError: Connect Timeout Error (attempted address: www.googleapis.com:443, timeout: 10000ms)
[error] Authentication Error: Your credentials are no longer valid. Please run firebase login --reauth

For CI servers and headless environments, generate a new token with firebase login:ci
[debug] [2026-09-11T13:26:46.136Z] Authentication Error: Your credentials are no longer valid. Please run firebase login --reauth

For CI servers and headless environments, generate a new token with firebase login:ci
[debug] [2026-09-11T13:26:51.152Z] Error: Timed out.
    at Timeout._onTimeout (C:\Users\ggb05\AppData\Roaming\npm\node_modules\firebase-tools\lib\utils.js:296:49)
    at listOnTimeout (node:internal/timers:605:17)
    at process.processTimers (node:internal/timers:541:7)
[error] 
[error] Error: An unexpected error has occurred.
